// Jest Snapshot v1, https://goo.gl/fbAQLP

exports[`NgxGovukButton should check markup snapshot 1`] = `
<ng-component>
  <button
    class="govuk-button"
    ngxgovukbutton=""
  >
    Default
  </button><button
    buttontype="warning"
    class="govuk-button govuk-button--warning"
    ngxgovukbutton=""
  >
    Warning
  </button><button
    buttontype="start"
    class="govuk-button govuk-button--start"
    ngxgovukbutton=""
  >
    Start
    <svg
      aria-hidden="true"
      class="govuk-button__start-icon"
      focusable="false"
      height="19"
      viewBox="0 0 33 40"
      width="17.5"
      xmlns="http://www.w3.org/2000/svg"
    >
      <path
        d="M0 0h13l20 20-20 20H0l20-20z"
        fill="currentColor"
      />
    </svg>
  </button>
</ng-component>
`;
